redirect URL: bank-soal.php?status=Review